------------------------------------------------------------
Timing Analyzer Summary
------------------------------------------------------------

Type  : Slow 1200mV 85C Model Setup 'iCLK'
Slack : -0.154
TNS   : -0.154

Type  : Slow 1200mV 85C Model Hold 'iCLK'
Slack : 0.343
TNS   : 0.000

Type  : Slow 1200mV 85C Model Recovery 'iCLK'
Slack : 15.882
TNS   : 0.000

Type  : Slow 1200mV 85C Model Removal 'iCLK'
Slack : 2.728
TNS   : 0.000

Type  : Slow 1200mV 85C Model Minimum Pulse Width 'iCLK'
Slack : 9.624
TNS   : 0.000

Type  : Slow 1200mV 0C Model Setup 'iCLK'
Slack : 1.107
TNS   : 0.000

Type  : Slow 1200mV 0C Model Hold 'iCLK'
Slack : 0.336
TNS   : 0.000

Type  : Slow 1200mV 0C Model Recovery 'iCLK'
Slack : 16.310
TNS   : 0.000

Type  : Slow 1200mV 0C Model Removal 'iCLK'
Slack : 2.410
TNS   : 0.000

Type  : Slow 1200mV 0C Model Minimum Pulse Width 'iCLK'
Slack : 9.646
TNS   : 0.000

Type  : Fast 1200mV 0C Model Setup 'iCLK'
Slack : 4.868
TNS   : 0.000

Type  : Fast 1200mV 0C Model Hold 'iCLK'
Slack : 0.138
TNS   : 0.000

Type  : Fast 1200mV 0C Model Recovery 'iCLK'
Slack : 17.816
TNS   : 0.000

Type  : Fast 1200mV 0C Model Removal 'iCLK'
Slack : 1.453
TNS   : 0.000

Type  : Fast 1200mV 0C Model Minimum Pulse Width 'iCLK'
Slack : 9.368
TNS   : 0.000

------------------------------------------------------------
