------------------------------------------------------------
Timing Analyzer Summary
------------------------------------------------------------

Type  : Slow 1200mV 85C Model Setup 'iCLK'
Slack : -1.748
TNS   : -24.371

Type  : Slow 1200mV 85C Model Hold 'iCLK'
Slack : 0.332
TNS   : 0.000

Type  : Slow 1200mV 85C Model Recovery 'iCLK'
Slack : 13.147
TNS   : 0.000

Type  : Slow 1200mV 85C Model Removal 'iCLK'
Slack : 2.242
TNS   : 0.000

Type  : Slow 1200mV 85C Model Minimum Pulse Width 'iCLK'
Slack : 9.623
TNS   : 0.000

Type  : Slow 1200mV 0C Model Setup 'iCLK'
Slack : -0.843
TNS   : -1.503

Type  : Slow 1200mV 0C Model Hold 'iCLK'
Slack : 0.335
TNS   : 0.000

Type  : Slow 1200mV 0C Model Recovery 'iCLK'
Slack : 13.742
TNS   : 0.000

Type  : Slow 1200mV 0C Model Removal 'iCLK'
Slack : 2.016
TNS   : 0.000

Type  : Slow 1200mV 0C Model Minimum Pulse Width 'iCLK'
Slack : 9.648
TNS   : 0.000

Type  : Fast 1200mV 0C Model Setup 'iCLK'
Slack : 3.744
TNS   : 0.000

Type  : Fast 1200mV 0C Model Hold 'iCLK'
Slack : 0.132
TNS   : 0.000

Type  : Fast 1200mV 0C Model Recovery 'iCLK'
Slack : 16.303
TNS   : 0.000

Type  : Fast 1200mV 0C Model Removal 'iCLK'
Slack : 1.058
TNS   : 0.000

Type  : Fast 1200mV 0C Model Minimum Pulse Width 'iCLK'
Slack : 9.367
TNS   : 0.000

------------------------------------------------------------
